// Jest Snapshot v1, https://goo.gl/fbAQLP

exports[`PullDownMenu should foo 1`] = `
<DocumentFragment>
  <button
    aria-controls="menu-list-8605045946-2"
    aria-expanded="false"
    aria-haspopup="menu"
    class="chakra-button chakra-menu__menu-button css-i7psh6"
    id="menu-button-8605045946-2"
    type="button"
  >
    <span
      class="css-xl71ch"
    >
      menu:1
    </span>
    <span
      class="chakra-button__icon css-1hzyiq5"
    >
      <svg
        aria-hidden="true"
        class="chakra-icon css-onkibi"
        focusable="false"
        viewBox="0 0 24 24"
      >
        <path
          d="M16.59 8.59L12 13.17 7.41 8.59 6 10l6 6 6-6z"
          fill="currentColor"
        />
      </svg>
    </span>
  </button>
  <div
    class="css-0"
    style="visibility: hidden; position: absolute; min-width: max-content; inset: 0 auto auto 0;"
  >
    <div
      aria-orientation="vertical"
      class="chakra-menu__menu-list css-sjt5nk"
      id="menu-list-8605045946-2"
      role="menu"
      style="transform-origin: var(--popper-transform-origin); opacity: 0; visibility: hidden; transform: scale(0.8) translateZ(0);"
      tabindex="-1"
    >
      <button
        class="chakra-menu__menuitem css-1k756t9"
        data-index="0"
        id="menu-list-8605045946-2-menuitem-8605045946-3"
        role="menuitem"
        tabindex="-1"
        type="button"
      >
        Download
      </button>
      <button
        class="chakra-menu__menuitem css-1k756t9"
        data-index="1"
        id="menu-list-8605045946-2-menuitem-8605045946-4"
        role="menuitem"
        tabindex="-1"
        type="button"
      >
        Create a Copy
      </button>
      <button
        class="chakra-menu__menuitem css-1k756t9"
        data-index="2"
        id="menu-list-8605045946-2-menuitem-8605045946-5"
        role="menuitem"
        tabindex="-1"
        type="button"
      >
        Mark as Draft
      </button>
      <button
        class="chakra-menu__menuitem css-1k756t9"
        data-index="3"
        id="menu-list-8605045946-2-menuitem-8605045946-6"
        role="menuitem"
        tabindex="-1"
        type="button"
      >
        Delete
      </button>
      <button
        class="chakra-menu__menuitem css-1k756t9"
        data-index="4"
        id="menu-list-8605045946-2-menuitem-8605045946-7"
        role="menuitem"
        tabindex="-1"
        type="button"
      >
        Attend a Workshop
      </button>
    </div>
  </div>
</DocumentFragment>
`;
